// Jest Snapshot v1, https://goo.gl/fbAQLP

exports[`chain 1`] = `
"{
  "$schema": "../chain.schema.json",
  "chainName": "comdex",
  "status": "live",
  "networkType": "mainnet",
  "website": "https://comdex.one/",
  "prettyName": "Comdex",
  "chainId": "comdex-1",
  "bech32Prefix": "comdex",
  "slip44": 118,
  "fees": {
    "feeTokens": [
      {
        "denom": "ucmdx",
        "fixedMinGasPrice": 0,
        "lowGasPrice": 0,
        "averageGasPrice": 0.025,
        "highGasPrice": 0.04
      }
    ]
  },
  "staking": {
    "stakingTokens": [
      {
        "denom": "ucmdx"
      }
    ]
  },
  "codebase": {
    "gitRepo": "https://github.com/comdex-official/comdex",
    "recommendedVersion": "v13.4.0",
    "compatibleVersions": [
      "v13.4.0"
    ],
    "binaries": {
      "linux/amd64": "https://github.com/comdex-official/comdex/releases/download/v13.4.0/comdex-linux-amd64.tar.gz"
    },
    "cosmosSdkVersion": "v0.47.5",
    "consensus": {
      "type": "cometbft",
      "version": "0.37.2"
    },
    "cosmwasmVersion": "v0.41.0",
    "cosmwasmEnabled": true,
    "genesis": {
      "genesisUrl": "https://comdex-mainnet-genesis.s3.ap-southeast-1.amazonaws.com/genesis.json"
    },
    "versions": [
      {
        "name": "v9.0.0",
        "recommendedVersion": "v9.0.0",
        "compatibleVersions": [
          "v9.0.0"
        ],
        "cosmwasmEnabled": true,
        "nextVersionName": "v10.0.0"
      },
      {
        "name": "v10.0.0",
        "recommendedVersion": "v10.0.0",
        "compatibleVersions": [
          "v10.0.0"
        ],
        "cosmwasmEnabled": true,
        "nextVersionName": "v11.5.0"
      },
      {
        "name": "v11.5.0",
        "height": 8184000,
        "proposal": 154,
        "recommendedVersion": "v11.5.2",
        "compatibleVersions": [
          "v11.5.2"
        ],
        "cosmwasmEnabled": true,
        "nextVersionName": "v13.3.0"
      },
      {
        "name": "v13.3.0",
        "proposal": 216,
        "height": 10981900,
        "recommendedVersion": "v13.4.0",
        "compatibleVersions": [
          "v13.4.0"
        ],
        "binaries": {
          "linux/amd64": "https://github.com/comdex-official/comdex/releases/download/v13.4.0/comdex-linux-amd64.tar.gz"
        },
        "cosmosSdkVersion": "v0.47.5",
        "consensus": {
          "type": "cometbft",
          "version": "0.37.2"
        },
        "cosmwasmVersion": "v0.41.0",
        "cosmwasmEnabled": true,
        "nextVersionName": ""
      }
    ]
  },
  "daemonName": "comdex",
  "nodeHome": "$HOME/.comdex",
  "keyAlgos": [
    "secp256k1"
  ],
  "logoURIs": {
    "png": "https://raw.githubusercontent.com/cosmos/chain-registry/master/comdex/images/cmdx.png",
    "svg": "https://raw.githubusercontent.com/cosmos/chain-registry/master/comdex/images/cmdx.svg"
  },
  "peers": {
    "seeds": [
      {
        "id": "7ca14a1d156299999eba9c394ca060368022d52f",
        "address": "54.194.178.110:26656"
      },
      {
        "id": "ade4d8bc8cbe014af6ebdf3cb7b1e9ad36f412c0",
        "address": "seeds.polkachu.com:13156",
        "provider": "Polkachu"
      },
      {
        "id": "c30dacf15e97a30b78792c7fa817fd2ef529b820",
        "address": "comdex.seed.stavr.tech:2026",
        "provider": "üî•STAVRüî•"
      },
      {
        "id": "20e1000e88125698264454a884812746c2eb4807",
        "address": "seeds.lavenderfive.com:13156",
        "provider": "Lavender.Five Nodes üêù"
      },
      {
        "id": "ebc272824924ea1a27ea3183dd0b9ba713494f83",
        "address": "comdex-mainnet-seed.autostake.com:26776",
        "provider": "AutoStake üõ°Ô∏è Slash Protected"
      },
      {
        "id": "6596d143fd128b2394b27cd7846bda099ca5a193",
        "address": "seeds.goldenratiostaking.net:1621",
        "provider": "Golden Ratio Staking"
      },
      {
        "id": "8542cd7e6bf9d260fef543bc49e59be5a3fa9074",
        "address": "seed.publicnode.com:26656",
        "provider": "Allnodes ‚ö°Ô∏è Nodes & Staking"
      },
      {
        "id": "c28827cb96c14c905b127b92065a3fb4cd77d7f6",
        "address": "seeds.whispernode.com:13156",
        "provider": "WhisperNode ü§ê"
      },
      {
        "id": "88ba33fbdf0279efaf27cff629f3cf72814d4069",
        "address": "seed-comdex-01.stakeflow.io:10007",
        "provider": "Stakeflow"
      },
      {
        "id": "df949a46ae6529ae1e09b034b49716468d5cc7e9",
        "address": "seeds.stakerhouse.com:10456",
        "provider": "StakerHouse"
      }
    ],
    "persistentPeers": [
      {
        "id": "d478882a80674fa10a32da63cc20cae13e3a2a57",
        "address": "43.204.0.243:26656"
      },
      {
        "id": "d8b74791ee56f1b345d822f62bd9bc969668d8df",
        "address": "194.163.128.55:36656"
      },
      {
        "id": "ebc272824924ea1a27ea3183dd0b9ba713494f83",
        "address": "comdex-mainnet-peer.autostake.com:26776",
        "provider": "AutoStake üõ°Ô∏è Slash Protecteds"
      },
      {
        "id": "88ba33fbdf0279efaf27cff629f3cf72814d4069",
        "address": "peer-comdex-01.stakeflow.io:10007",
        "provider": "Stakeflow"
      }
    ]
  },
  "apis": {
    "rpc": [
      {
        "address": "https://rpc.comdex.one",
        "provider": "comdex"
      },
      {
        "address": "https://comdex-rpc.polkachu.com",
        "provider": "Polkachu"
      },
      {
        "address": "https://comdex.rpc.m.stavr.tech",
        "provider": "üî•STAVRüî•"
      },
      {
        "address": "https://rpc.comdex.chaintools.tech/",
        "provider": "ChainTools"
      },
      {
        "address": "https://comdex-rpc.lavenderfive.com/",
        "provider": "Lavender.Five Nodes üêù"
      },
      {
        "address": "https://rpc-comdex.cosmos-spaces.cloud",
        "provider": "Cosmos Spaces"
      },
      {
        "address": "https://rpc-comdex.whispernode.com:443",
        "provider": "WhisperNode ü§ê"
      },
      {
        "address": "https://comdex-mainnet-rpc.autostake.com:443",
        "provider": "AutoStake üõ°Ô∏è Slash Protected"
      },
      {
        "address": "https://comdex-rpc.w3coins.io",
        "provider": "w3coins"
      },
      {
        "address": "https://comdex-rpc.stakerhouse.com",
        "provider": "StakerHouse"
      },
      {
        "address": "https://comdex-rpc.publicnode.com:443",
        "provider": "Allnodes ‚ö°Ô∏è Nodes & Staking"
      },
      {
        "address": "https://rpc-comdex-01.stakeflow.io",
        "provider": "Stakeflow"
      },
      {
        "address": "https://comdex-rpc.validatornode.com",
        "provider": "ValidatorNode"
      }
    ],
    "rest": [
      {
        "address": "https://rest.comdex.one",
        "provider": "comdex"
      },
      {
        "address": "https://api.comdex.chaintools.tech/",
        "provider": "ChainTools"
      },
      {
        "address": "https://comdex-api.polkachu.com",
        "provider": "Polkachu"
      },
      {
        "address": "https://comdex.api.m.stavr.tech",
        "provider": "üî•STAVRüî•"
      },
      {
        "address": "https://comdex-api.lavenderfive.com/",
        "provider": "Lavender.Five Nodes üêù"
      },
      {
        "address": "https://api-comdex.cosmos-spaces.cloud",
        "provider": "Cosmos Spaces"
      },
      {
        "address": "https://comdex-mainnet-lcd.autostake.com:443",
        "provider": "AutoStake üõ°Ô∏è Slash Protected"
      },
      {
        "address": "https://lcd-comdex.whispernode.com:443",
        "provider": "WhisperNode ü§ê"
      },
      {
        "address": "https://comdex-api.w3coins.io",
        "provider": "w3coins"
      },
      {
        "address": "https://comdex-rest.stakerhouse.com",
        "provider": "StakerHouse"
      },
      {
        "address": "https://comdex-rest.publicnode.com",
        "provider": "Allnodes ‚ö°Ô∏è Nodes & Staking"
      },
      {
        "address": "https://api-comdex-01.stakeflow.io",
        "provider": "Stakeflow"
      },
      {
        "address": "https://comdex-api.validatornode.com",
        "provider": "ValidatorNode"
      }
    ],
    "grpc": [
      {
        "address": "grpc-comdex-ia.cosmosia.notional.ventures:443",
        "provider": "Notional"
      },
      {
        "address": "comdex.grpcui.chaintools.host:443",
        "provider": "ChainTools"
      },
      {
        "address": "comdex-grpc.polkachu.com:13190",
        "provider": "Polkachu"
      },
      {
        "address": "comdex.grpc.m.stavr.tech:104",
        "provider": "üî•STAVRüî•"
      },
      {
        "address": "grpc-comdex.cosmos-spaces.cloud:2300",
        "provider": "Cosmos Spaces"
      },
      {
        "address": "comdex-grpc.lavenderfive.com:443",
        "provider": "Lavender.Five Nodes üêù"
      },
      {
        "address": "comdex-mainnet-lcd.autostake.com:443",
        "provider": "AutoStake üõ°Ô∏è Slash Protected"
      },
      {
        "address": "comdex-grpc.w3coins.io:13190",
        "provider": "w3coins"
      },
      {
        "address": "comdex-grpc.publicnode.com:443",
        "provider": "Allnodes ‚ö°Ô∏è Nodes & Staking"
      },
      {
        "address": "grpc-comdex-01.stakeflow.io:10002",
        "provider": "Stakeflow"
      },
      {
        "address": "comdex-grpc.stakerhouse.com:443",
        "provider": "StakerHouse"
      }
    ]
  },
  "explorers": [
    {
      "kind": "ezstaking",
      "url": "https://ezstaking.app/comdex",
      "txPage": "https://ezstaking.app/comdex/txs/\${txHash}",
      "accountPage": "https://ezstaking.app/comdex/account/\${accountAddress}"
    },
    {
      "kind": "mintscan",
      "url": "https://www.mintscan.io/comdex",
      "txPage": "https://www.mintscan.io/comdex/transactions/\${txHash}",
      "accountPage": "https://www.mintscan.io/comdex/accounts/\${accountAddress}"
    },
    {
      "kind": "üî•STAVRüî•",
      "url": "https://explorer.stavr.tech/Comdex-Mainnet",
      "txPage": "https://explorer.stavr.tech/Comdex-Mainnet/txs/\${txHash}",
      "accountPage": "https://explorer.stavr.tech/Comdex-Mainnet/accounts/\${accountAddress}"
    },
    {
      "kind": "aneka",
      "url": "https://comdex.aneka.io/",
      "txPage": "https://comdex.aneka.io/txs/\${txHash}"
    },
    {
      "kind": "ping.pub",
      "url": "https://ping.pub/comdex",
      "txPage": "https://ping.pub/comdex/tx/\${txHash}"
    },
    {
      "kind": "atomscan",
      "url": "https://atomscan.com/comdex",
      "txPage": "https://atomscan.com/comdex/transactions/\${txHash}",
      "accountPage": "https://atomscan.com/comdex/accounts/\${accountAddress}"
    },
    {
      "kind": "Stakeflow",
      "url": "https://stakeflow.io/comdex",
      "accountPage": "https://stakeflow.io/comdex/accounts/\${accountAddress}"
    },
    {
      "kind": "ValidatorNode",
      "url": "https://explorer.validatornode.com/comdex",
      "txPage": "https://explorer.validatornode.com/comdex/tx/\${txHash}"
    }
  ],
  "images": [
    {
      "png": "https://raw.githubusercontent.com/cosmos/chain-registry/master/comdex/images/cmdx.png",
      "svg": "https://raw.githubusercontent.com/cosmos/chain-registry/master/comdex/images/cmdx.svg"
    }
  ]
}"
`;
