// Jest Snapshot v1, https://goo.gl/fbAQLP

exports[`ibc 1`] = `
"{
  "$schema": "../ibc_data.schema.json",
  "chain1": {
    "chainName": "terra",
    "clientId": "07-tendermint-235",
    "connectionId": "connection-142"
  },
  "chain2": {
    "chainName": "terra2",
    "clientId": "07-tendermint-394",
    "connectionId": "connection-384"
  },
  "channels": [
    {
      "chain1": {
        "channelId": "channel-85",
        "portId": "transfer"
      },
      "chain2": {
        "channelId": "channel-314",
        "portId": "transfer"
      },
      "ordering": "unordered",
      "version": "ics20-1",
      "tags": {
        "status": "live",
        "preferred": true
      }
    }
  ]
}"
`;
